tests/inputs/g.csv
tests/inputs/a/b/b.csv
tests/inputs/d/b.csv
