tests/inputs
tests/inputs/a
tests/inputs/a/b
tests/inputs/a/b/c
tests/inputs/f
tests/inputs/d
tests/inputs/d/e
